{"0":["1","3"],"1":["testlabel"],"testlabel":[],"3":["testlabel"]}
