{"b000":["somewhere"],"b001":["somewhere"],"somewhere":[]}
