{"0":["start"],"end":[],"l_1_3":["end"],"l_1_2":["l_1_3"],"l_1_1":["l_1_3"],"l_0_3":["l_1_1","l_1_2"],"l_0_2":["l_0_3"],"l_0_1":["l_0_3"],"start":["l_0_1","l_0_2"]}
